DEBUG    game_data.core_game_data:core_game_data.py:79 Database connection established: /tmp/tmpkb97kegv/test_game.db
DEBUG    game_data.core_game_data:core_game_data.py:87 Database connection closed: /tmp/tmpkb97kegv/test_game.db
DEBUG    game_data.core_game_data:core_game_data.py:79 Database connection established: /tmp/tmp2pi835ab/test_game.db
DEBUG    game_data.core_game_data:core_game_data.py:87 Database connection closed: /tmp/tmp2pi835ab/test_game.db
DEBUG    game_data.core_game_data:core_game_data.py:79 Database connection established: /tmp/tmpv5_wv2vz/test_game.db
DEBUG    game_data.core_game_data:core_game_data.py:87 Database connection closed: /tmp/tmpv5_wv2vz/test_game.db
DEBUG    game_data.core_game_data:core_game_data.py:79 Database connection established: /tmp/tmp6ye2wtfq/test_game.db
DEBUG    game_data.core_game_data:core_game_data.py:87 Database connection closed: /tmp/tmp6ye2wtfq/test_game.db
INFO     game_data.core_game_data:core_game_data.py:127 Database directory ensured: /tmp/tmpyydo9new
DEBUG    game_data.core_game_data:core_game_data.py:79 Database connection established: /tmp/tmpyydo9new/test_game.db
INFO     game_data.core_game_data:core_game_data.py:152 Database metadata initialized with schema v1.0.0
DEBUG    game_data.core_game_data:core_game_data.py:169 Transaction committed
DEBUG    game_data.core_game_data:core_game_data.py:87 Database connection closed: /tmp/tmpyydo9new/test_game.db
INFO     game_data.core_game_data:core_game_data.py:127 Database directory ensured: /tmp/tmpn04x8uux/nested/dir
DEBUG    game_data.core_game_data:core_game_data.py:79 Database connection established: /tmp/tmpn04x8uux/nested/dir/game.db
INFO     game_data.core_game_data:core_game_data.py:152 Database metadata initialized with schema v1.0.0
DEBUG    game_data.core_game_data:core_game_data.py:169 Transaction committed
DEBUG    game_data.core_game_data:core_game_data.py:87 Database connection closed: /tmp/tmpn04x8uux/nested/dir/game.db
INFO     game_data.core_game_data:core_game_data.py:127 Database directory ensured: /tmp/tmp9h74r9s4
DEBUG    game_data.core_game_data:core_game_data.py:79 Database connection established: /tmp/tmp9h74r9s4/test_game.db
INFO     game_data.core_game_data:core_game_data.py:152 Database metadata initialized with schema v1.0.0
DEBUG    game_data.core_game_data:core_game_data.py:169 Transaction committed
INFO     game_data.core_game_data:core_game_data.py:190 Table created/verified from schema
DEBUG    game_data.core_game_data:core_game_data.py:169 Transaction committed
DEBUG    game_data.core_game_data:core_game_data.py:87 Database connection closed: /tmp/tmp9h74r9s4/test_game.db
INFO     game_data.core_game_data:core_game_data.py:127 Database directory ensured: /tmp/tmpgvi6oz9_
DEBUG    game_data.core_game_data:core_game_data.py:79 Database connection established: /tmp/tmpgvi6oz9_/test_game.db
INFO     game_data.core_game_data:core_game_data.py:152 Database metadata initialized with schema v1.0.0
DEBUG    game_data.core_game_data:core_game_data.py:169 Transaction committed
INFO     game_data.core_game_data:core_game_data.py:190 Table created/verified from schema
DEBUG    game_data.core_game_data:core_game_data.py:169 Transaction committed
DEBUG    game_data.core_game_data:core_game_data.py:228 Inserted row 1 into test_items
DEBUG    game_data.core_game_data:core_game_data.py:169 Transaction committed
DEBUG    game_data.core_game_data:core_game_data.py:87 Database connection closed: /tmp/tmpgvi6oz9_/test_game.db
INFO     game_data.core_game_data:core_game_data.py:127 Database directory ensured: /tmp/tmphm5xnbzi
DEBUG    game_data.core_game_data:core_game_data.py:79 Database connection established: /tmp/tmphm5xnbzi/test_game.db
INFO     game_data.core_game_data:core_game_data.py:152 Database metadata initialized with schema v1.0.0
DEBUG    game_data.core_game_data:core_game_data.py:169 Transaction committed
INFO     game_data.core_game_data:core_game_data.py:190 Table created/verified from schema
DEBUG    game_data.core_game_data:core_game_data.py:169 Transaction committed
DEBUG    game_data.core_game_data:core_game_data.py:228 Inserted row 1 into test_items
DEBUG    game_data.core_game_data:core_game_data.py:169 Transaction committed
DEBUG    game_data.core_game_data:core_game_data.py:245 Updated row 1 in test_items
DEBUG    game_data.core_game_data:core_game_data.py:169 Transaction committed
DEBUG    game_data.core_game_data:core_game_data.py:87 Database connection closed: /tmp/tmphm5xnbzi/test_game.db
INFO     game_data.core_game_data:core_game_data.py:127 Database directory ensured: /tmp/tmp9t6_ov0w
DEBUG    game_data.core_game_data:core_game_data.py:79 Database connection established: /tmp/tmp9t6_ov0w/test_game.db
INFO     game_data.core_game_data:core_game_data.py:152 Database metadata initialized with schema v1.0.0
DEBUG    game_data.core_game_data:core_game_data.py:169 Transaction committed
INFO     game_data.core_game_data:core_game_data.py:190 Table created/verified from schema
DEBUG    game_data.core_game_data:core_game_data.py:169 Transaction committed
DEBUG    game_data.core_game_data:core_game_data.py:228 Inserted row 1 into test_items
DEBUG    game_data.core_game_data:core_game_data.py:169 Transaction committed
DEBUG    game_data.core_game_data:core_game_data.py:264 Deleted row 1 from test_items
DEBUG    game_data.core_game_data:core_game_data.py:169 Transaction committed
DEBUG    game_data.core_game_data:core_game_data.py:169 Transaction committed
DEBUG    game_data.core_game_data:core_game_data.py:87 Database connection closed: /tmp/tmp9t6_ov0w/test_game.db
INFO     game_data.core_game_data:core_game_data.py:127 Database directory ensured: /tmp/tmpchprzp_q
DEBUG    game_data.core_game_data:core_game_data.py:79 Database connection established: /tmp/tmpchprzp_q/test_game.db
INFO     game_data.core_game_data:core_game_data.py:152 Database metadata initialized with schema v1.0.0
DEBUG    game_data.core_game_data:core_game_data.py:169 Transaction committed
INFO     game_data.core_game_data:core_game_data.py:190 Table created/verified from schema
DEBUG    game_data.core_game_data:core_game_data.py:169 Transaction committed
DEBUG    game_data.core_game_data:core_game_data.py:228 Inserted row 1 into test_items
DEBUG    game_data.core_game_data:core_game_data.py:169 Transaction committed
DEBUG    game_data.core_game_data:core_game_data.py:228 Inserted row 2 into test_items
DEBUG    game_data.core_game_data:core_game_data.py:169 Transaction committed
DEBUG    game_data.core_game_data:core_game_data.py:228 Inserted row 3 into test_items
DEBUG    game_data.core_game_data:core_game_data.py:169 Transaction committed
DEBUG    game_data.core_game_data:core_game_data.py:228 Inserted row 4 into test_items
DEBUG    game_data.core_game_data:core_game_data.py:169 Transaction committed
DEBUG    game_data.core_game_data:core_game_data.py:228 Inserted row 5 into test_items
DEBUG    game_data.core_game_data:core_game_data.py:169 Transaction committed
DEBUG    game_data.core_game_data:core_game_data.py:87 Database connection closed: /tmp/tmpchprzp_q/test_game.db
INFO     game_data.core_game_data:core_game_data.py:127 Database directory ensured: /tmp/tmpkiat71wc
DEBUG    game_data.core_game_data:core_game_data.py:79 Database connection established: /tmp/tmpkiat71wc/test_game.db
INFO     game_data.core_game_data:core_game_data.py:152 Database metadata initialized with schema v1.0.0
DEBUG    game_data.core_game_data:core_game_data.py:169 Transaction committed
INFO     game_data.core_game_data:core_game_data.py:190 Table created/verified from schema
DEBUG    game_data.core_game_data:core_game_data.py:169 Transaction committed
DEBUG    game_data.core_game_data:core_game_data.py:228 Inserted row 1 into test_items
DEBUG    game_data.core_game_data:core_game_data.py:169 Transaction committed
DEBUG    game_data.core_game_data:core_game_data.py:228 Inserted row 2 into test_items
DEBUG    game_data.core_game_data:core_game_data.py:169 Transaction committed
DEBUG    game_data.core_game_data:core_game_data.py:228 Inserted row 3 into test_items
DEBUG    game_data.core_game_data:core_game_data.py:169 Transaction committed
DEBUG    game_data.core_game_data:core_game_data.py:87 Database connection closed: /tmp/tmpkiat71wc/test_game.db
INFO     game_data.core_game_data:core_game_data.py:127 Database directory ensured: /tmp/tmp6p71pzed
DEBUG    game_data.core_game_data:core_game_data.py:79 Database connection established: /tmp/tmp6p71pzed/test_game.db
INFO     game_data.core_game_data:core_game_data.py:152 Database metadata initialized with schema v1.0.0
DEBUG    game_data.core_game_data:core_game_data.py:169 Transaction committed
INFO     game_data.core_game_data:core_game_data.py:190 Table created/verified from schema
DEBUG    game_data.core_game_data:core_game_data.py:169 Transaction committed
DEBUG    game_data.core_game_data:core_game_data.py:228 Inserted row 1 into test_items
DEBUG    game_data.core_game_data:core_game_data.py:169 Transaction committed
DEBUG    game_data.core_game_data:core_game_data.py:228 Inserted row 2 into test_items
DEBUG    game_data.core_game_data:core_game_data.py:169 Transaction committed
DEBUG    game_data.core_game_data:core_game_data.py:87 Database connection closed: /tmp/tmp6p71pzed/test_game.db
INFO     game_data.core_game_data:core_game_data.py:127 Database directory ensured: /tmp/tmp2mgnbv8z
DEBUG    game_data.core_game_data:core_game_data.py:79 Database connection established: /tmp/tmp2mgnbv8z/test_game.db
INFO     game_data.core_game_data:core_game_data.py:152 Database metadata initialized with schema v1.0.0
DEBUG    game_data.core_game_data:core_game_data.py:169 Transaction committed
DEBUG    game_data.core_game_data:core_game_data.py:87 Database connection closed: /tmp/tmp2mgnbv8z/test_game.db
INFO     game_data.core_game_data:core_game_data.py:127 Database directory ensured: /tmp/tmp0y8c966z
DEBUG    game_data.core_game_data:core_game_data.py:79 Database connection established: /tmp/tmp0y8c966z/test_game.db
INFO     game_data.core_game_data:core_game_data.py:152 Database metadata initialized with schema v1.0.0
DEBUG    game_data.core_game_data:core_game_data.py:169 Transaction committed
INFO     game_data.core_game_data:core_game_data.py:364 Executed SQL script
DEBUG    game_data.core_game_data:core_game_data.py:169 Transaction committed
DEBUG    game_data.core_game_data:core_game_data.py:87 Database connection closed: /tmp/tmp0y8c966z/test_game.db
INFO     game_data.core_game_data:core_game_data.py:127 Database directory ensured: /tmp/tmptz5ww72k
DEBUG    game_data.core_game_data:core_game_data.py:79 Database connection established: /tmp/tmptz5ww72k/test_game.db
INFO     game_data.core_game_data:core_game_data.py:152 Database metadata initialized with schema v1.0.0
DEBUG    game_data.core_game_data:core_game_data.py:169 Transaction committed
INFO     game_data.core_game_data:core_game_data.py:190 Table created/verified from schema
DEBUG    game_data.core_game_data:core_game_data.py:169 Transaction committed
DEBUG    game_data.core_game_data:core_game_data.py:169 Transaction committed
ERROR    game_data.core_game_data:core_game_data.py:172 Transaction rolled back: Force rollback
DEBUG    game_data.core_game_data:core_game_data.py:87 Database connection closed: /tmp/tmptz5ww72k/test_game.db
INFO     game_data.core_game_data:core_game_data.py:127 Database directory ensured: /tmp/tmpuyxpou0t
DEBUG    game_data.core_game_data:core_game_data.py:79 Database connection established: /tmp/tmpuyxpou0t/test_game.db
INFO     game_data.core_game_data:core_game_data.py:152 Database metadata initialized with schema v1.0.0
DEBUG    game_data.core_game_data:core_game_data.py:169 Transaction committed
INFO     game_data.core_game_data:core_game_data.py:190 Table created/verified from schema
DEBUG    game_data.core_game_data:core_game_data.py:169 Transaction committed
DEBUG    game_data.core_game_data:core_game_data.py:228 Inserted row 1 into test_items
DEBUG    game_data.core_game_data:core_game_data.py:169 Transaction committed
INFO     game_data.core_game_data:core_game_data.py:381 Database backed up to /tmp/tmpuyxpou0t/backup.db
INFO     game_data.core_game_data:core_game_data.py:127 Database directory ensured: /tmp/tmpuyxpou0t
DEBUG    game_data.core_game_data:core_game_data.py:79 Database connection established: /tmp/tmpuyxpou0t/backup.db
INFO     game_data.core_game_data:core_game_data.py:152 Database metadata initialized with schema v1.0.0
DEBUG    game_data.core_game_data:core_game_data.py:169 Transaction committed
DEBUG    game_data.core_game_data:core_game_data.py:87 Database connection closed: /tmp/tmpuyxpou0t/backup.db
DEBUG    game_data.core_game_data:core_game_data.py:87 Database connection closed: /tmp/tmpuyxpou0t/test_game.db
INFO     game_data.core_game_data:core_game_data.py:127 Database directory ensured: /tmp/tmpafwt80nc
DEBUG    game_data.core_game_data:core_game_data.py:79 Database connection established: /tmp/tmpafwt80nc/test_game.db
INFO     game_data.core_game_data:core_game_data.py:152 Database metadata initialized with schema v1.0.0
DEBUG    game_data.core_game_data:core_game_data.py:169 Transaction committed
INFO     game_data.core_game_data:core_game_data.py:190 Table created/verified from schema
DEBUG    game_data.core_game_data:core_game_data.py:169 Transaction committed
DEBUG    game_data.core_game_data:core_game_data.py:228 Inserted row 1 into test_items
DEBUG    game_data.core_game_data:core_game_data.py:169 Transaction committed
DEBUG    game_data.core_game_data:core_game_data.py:228 Inserted row 2 into test_items
DEBUG    game_data.core_game_data:core_game_data.py:169 Transaction committed
DEBUG    game_data.core_game_data:core_game_data.py:228 Inserted row 3 into test_items
DEBUG    game_data.core_game_data:core_game_data.py:169 Transaction committed
DEBUG    game_data.core_game_data:core_game_data.py:228 Inserted row 4 into test_items
DEBUG    game_data.core_game_data:core_game_data.py:169 Transaction committed
DEBUG    game_data.core_game_data:core_game_data.py:228 Inserted row 5 into test_items
DEBUG    game_data.core_game_data:core_game_data.py:169 Transaction committed
DEBUG    game_data.core_game_data:core_game_data.py:228 Inserted row 6 into test_items
DEBUG    game_data.core_game_data:core_game_data.py:169 Transaction committed
DEBUG    game_data.core_game_data:core_game_data.py:228 Inserted row 7 into test_items
DEBUG    game_data.core_game_data:core_game_data.py:169 Transaction committed
DEBUG    game_data.core_game_data:core_game_data.py:228 Inserted row 8 into test_items
DEBUG    game_data.core_game_data:core_game_data.py:169 Transaction committed
DEBUG    game_data.core_game_data:core_game_data.py:228 Inserted row 9 into test_items
DEBUG    game_data.core_game_data:core_game_data.py:169 Transaction committed
DEBUG    game_data.core_game_data:core_game_data.py:228 Inserted row 10 into test_items
DEBUG    game_data.core_game_data:core_game_data.py:169 Transaction committed
DEBUG    game_data.core_game_data:core_game_data.py:228 Inserted row 11 into test_items
DEBUG    game_data.core_game_data:core_game_data.py:169 Transaction committed
DEBUG    game_data.core_game_data:core_game_data.py:228 Inserted row 12 into test_items
DEBUG    game_data.core_game_data:core_game_data.py:169 Transaction committed
DEBUG    game_data.core_game_data:core_game_data.py:228 Inserted row 13 into test_items
DEBUG    game_data.core_game_data:core_game_data.py:169 Transaction committed
DEBUG    game_data.core_game_data:core_game_data.py:228 Inserted row 14 into test_items
DEBUG    game_data.core_game_data:core_game_data.py:169 Transaction committed
DEBUG    game_data.core_game_data:core_game_data.py:228 Inserted row 15 into test_items
DEBUG    game_data.core_game_data:core_game_data.py:169 Transaction committed
DEBUG    game_data.core_game_data:core_game_data.py:228 Inserted row 16 into test_items
DEBUG    game_data.core_game_data:core_game_data.py:169 Transaction committed
DEBUG    game_data.core_game_data:core_game_data.py:228 Inserted row 17 into test_items
DEBUG    game_data.core_game_data:core_game_data.py:169 Transaction committed
DEBUG    game_data.core_game_data:core_game_data.py:228 Inserted row 18 into test_items
DEBUG    game_data.core_game_data:core_game_data.py:169 Transaction committed
DEBUG    game_data.core_game_data:core_game_data.py:228 Inserted row 19 into test_items
DEBUG    game_data.core_game_data:core_game_data.py:169 Transaction committed
DEBUG    game_data.core_game_data:core_game_data.py:228 Inserted row 20 into test_items
DEBUG    game_data.core_game_data:core_game_data.py:169 Transaction committed
DEBUG    game_data.core_game_data:core_game_data.py:228 Inserted row 21 into test_items
DEBUG    game_data.core_game_data:core_game_data.py:169 Transaction committed
DEBUG    game_data.core_game_data:core_game_data.py:228 Inserted row 22 into test_items
DEBUG    game_data.core_game_data:core_game_data.py:169 Transaction committed
DEBUG    game_data.core_game_data:core_game_data.py:228 Inserted row 23 into test_items
DEBUG    game_data.core_game_data:core_game_data.py:169 Transaction committed
DEBUG    game_data.core_game_data:core_game_data.py:228 Inserted row 24 into test_items
DEBUG    game_data.core_game_data:core_game_data.py:169 Transaction committed
DEBUG    game_data.core_game_data:core_game_data.py:228 Inserted row 25 into test_items
DEBUG    game_data.core_game_data:core_game_data.py:169 Transaction committed
DEBUG    game_data.core_game_data:core_game_data.py:228 Inserted row 26 into test_items
DEBUG    game_data.core_game_data:core_game_data.py:169 Transaction committed
DEBUG    game_data.core_game_data:core_game_data.py:228 Inserted row 27 into test_items
DEBUG    game_data.core_game_data:core_game_data.py:169 Transaction committed
DEBUG    game_data.core_game_data:core_game_data.py:228 Inserted row 28 into test_items
DEBUG    game_data.core_game_data:core_game_data.py:169 Transaction committed
DEBUG    game_data.core_game_data:core_game_data.py:228 Inserted row 29 into test_items
DEBUG    game_data.core_game_data:core_game_data.py:169 Transaction committed
DEBUG    game_data.core_game_data:core_game_data.py:228 Inserted row 30 into test_items
DEBUG    game_data.core_game_data:core_game_data.py:169 Transaction committed
DEBUG    game_data.core_game_data:core_game_data.py:228 Inserted row 31 into test_items
DEBUG    game_data.core_game_data:core_game_data.py:169 Transaction committed
DEBUG    game_data.core_game_data:core_game_data.py:228 Inserted row 32 into test_items
DEBUG    game_data.core_game_data:core_game_data.py:169 Transaction committed
DEBUG    game_data.core_game_data:core_game_data.py:228 Inserted row 33 into test_items
DEBUG    game_data.core_game_data:core_game_data.py:169 Transaction committed
DEBUG    game_data.core_game_data:core_game_data.py:228 Inserted row 34 into test_items
DEBUG    game_data.core_game_data:core_game_data.py:169 Transaction committed
DEBUG    game_data.core_game_data:core_game_data.py:228 Inserted row 35 into test_items
DEBUG    game_data.core_game_data:core_game_data.py:169 Transaction committed
DEBUG    game_data.core_game_data:core_game_data.py:228 Inserted row 36 into test_items
DEBUG    game_data.core_game_data:core_game_data.py:169 Transaction committed
DEBUG    game_data.core_game_data:core_game_data.py:228 Inserted row 37 into test_items
DEBUG    game_data.core_game_data:core_game_data.py:169 Transaction committed
DEBUG    game_data.core_game_data:core_game_data.py:228 Inserted row 38 into test_items
DEBUG    game_data.core_game_data:core_game_data.py:169 Transaction committed
DEBUG    game_data.core_game_data:core_game_data.py:228 Inserted row 39 into test_items
DEBUG    game_data.core_game_data:core_game_data.py:169 Transaction committed
DEBUG    game_data.core_game_data:core_game_data.py:228 Inserted row 40 into test_items
DEBUG    game_data.core_game_data:core_game_data.py:169 Transaction committed
DEBUG    game_data.core_game_data:core_game_data.py:228 Inserted row 41 into test_items
DEBUG    game_data.core_game_data:core_game_data.py:169 Transaction committed
DEBUG    game_data.core_game_data:core_game_data.py:228 Inserted row 42 into test_items
DEBUG    game_data.core_game_data:core_game_data.py:169 Transaction committed
DEBUG    game_data.core_game_data:core_game_data.py:228 Inserted row 43 into test_items
DEBUG    game_data.core_game_data:core_game_data.py:169 Transaction committed
DEBUG    game_data.core_game_data:core_game_data.py:228 Inserted row 44 into test_items
DEBUG    game_data.core_game_data:core_game_data.py:169 Transaction committed
DEBUG    game_data.core_game_data:core_game_data.py:228 Inserted row 45 into test_items
DEBUG    game_data.core_game_data:core_game_data.py:169 Transaction committed
DEBUG    game_data.core_game_data:core_game_data.py:228 Inserted row 46 into test_items
DEBUG    game_data.core_game_data:core_game_data.py:169 Transaction committed
DEBUG    game_data.core_game_data:core_game_data.py:228 Inserted row 47 into test_items
DEBUG    game_data.core_game_data:core_game_data.py:169 Transaction committed
DEBUG    game_data.core_game_data:core_game_data.py:228 Inserted row 48 into test_items
DEBUG    game_data.core_game_data:core_game_data.py:169 Transaction committed
DEBUG    game_data.core_game_data:core_game_data.py:228 Inserted row 49 into test_items
DEBUG    game_data.core_game_data:core_game_data.py:169 Transaction committed
DEBUG    game_data.core_game_data:core_game_data.py:228 Inserted row 50 into test_items
DEBUG    game_data.core_game_data:core_game_data.py:169 Transaction committed
DEBUG    game_data.core_game_data:core_game_data.py:228 Inserted row 51 into test_items
DEBUG    game_data.core_game_data:core_game_data.py:169 Transaction committed
DEBUG    game_data.core_game_data:core_game_data.py:228 Inserted row 52 into test_items
DEBUG    game_data.core_game_data:core_game_data.py:169 Transaction committed
DEBUG    game_data.core_game_data:core_game_data.py:228 Inserted row 53 into test_items
DEBUG    game_data.core_game_data:core_game_data.py:169 Transaction committed
DEBUG    game_data.core_game_data:core_game_data.py:228 Inserted row 54 into test_items
DEBUG    game_data.core_game_data:core_game_data.py:169 Transaction committed
DEBUG    game_data.core_game_data:core_game_data.py:228 Inserted row 55 into test_items
DEBUG    game_data.core_game_data:core_game_data.py:169 Transaction committed
DEBUG    game_data.core_game_data:core_game_data.py:228 Inserted row 56 into test_items
DEBUG    game_data.core_game_data:core_game_data.py:169 Transaction committed
DEBUG    game_data.core_game_data:core_game_data.py:228 Inserted row 57 into test_items
DEBUG    game_data.core_game_data:core_game_data.py:169 Transaction committed
DEBUG    game_data.core_game_data:core_game_data.py:228 Inserted row 58 into test_items
DEBUG    game_data.core_game_data:core_game_data.py:169 Transaction committed
DEBUG    game_data.core_game_data:core_game_data.py:228 Inserted row 59 into test_items
DEBUG    game_data.core_game_data:core_game_data.py:169 Transaction committed
DEBUG    game_data.core_game_data:core_game_data.py:228 Inserted row 60 into test_items
DEBUG    game_data.core_game_data:core_game_data.py:169 Transaction committed
DEBUG    game_data.core_game_data:core_game_data.py:228 Inserted row 61 into test_items
DEBUG    game_data.core_game_data:core_game_data.py:169 Transaction committed
DEBUG    game_data.core_game_data:core_game_data.py:228 Inserted row 62 into test_items
DEBUG    game_data.core_game_data:core_game_data.py:169 Transaction committed
DEBUG    game_data.core_game_data:core_game_data.py:228 Inserted row 63 into test_items
DEBUG    game_data.core_game_data:core_game_data.py:169 Transaction committed
DEBUG    game_data.core_game_data:core_game_data.py:228 Inserted row 64 into test_items
DEBUG    game_data.core_game_data:core_game_data.py:169 Transaction committed
DEBUG    game_data.core_game_data:core_game_data.py:228 Inserted row 65 into test_items
DEBUG    game_data.core_game_data:core_game_data.py:169 Transaction committed
DEBUG    game_data.core_game_data:core_game_data.py:228 Inserted row 66 into test_items
DEBUG    game_data.core_game_data:core_game_data.py:169 Transaction committed
DEBUG    game_data.core_game_data:core_game_data.py:228 Inserted row 67 into test_items
DEBUG    game_data.core_game_data:core_game_data.py:169 Transaction committed
DEBUG    game_data.core_game_data:core_game_data.py:228 Inserted row 68 into test_items
DEBUG    game_data.core_game_data:core_game_data.py:169 Transaction committed
DEBUG    game_data.core_game_data:core_game_data.py:228 Inserted row 69 into test_items
DEBUG    game_data.core_game_data:core_game_data.py:169 Transaction committed
DEBUG    game_data.core_game_data:core_game_data.py:228 Inserted row 70 into test_items
DEBUG    game_data.core_game_data:core_game_data.py:169 Transaction committed
DEBUG    game_data.core_game_data:core_game_data.py:228 Inserted row 71 into test_items
DEBUG    game_data.core_game_data:core_game_data.py:169 Transaction committed
DEBUG    game_data.core_game_data:core_game_data.py:228 Inserted row 72 into test_items
DEBUG    game_data.core_game_data:core_game_data.py:169 Transaction committed
DEBUG    game_data.core_game_data:core_game_data.py:228 Inserted row 73 into test_items
DEBUG    game_data.core_game_data:core_game_data.py:169 Transaction committed
DEBUG    game_data.core_game_data:core_game_data.py:228 Inserted row 74 into test_items
DEBUG    game_data.core_game_data:core_game_data.py:169 Transaction committed
DEBUG    game_data.core_game_data:core_game_data.py:228 Inserted row 75 into test_items
DEBUG    game_data.core_game_data:core_game_data.py:169 Transaction committed
DEBUG    game_data.core_game_data:core_game_data.py:228 Inserted row 76 into test_items
DEBUG    game_data.core_game_data:core_game_data.py:169 Transaction committed
DEBUG    game_data.core_game_data:core_game_data.py:228 Inserted row 77 into test_items
DEBUG    game_data.core_game_data:core_game_data.py:169 Transaction committed
DEBUG    game_data.core_game_data:core_game_data.py:228 Inserted row 78 into test_items
DEBUG    game_data.core_game_data:core_game_data.py:169 Transaction committed
DEBUG    game_data.core_game_data:core_game_data.py:228 Inserted row 79 into test_items
DEBUG    game_data.core_game_data:core_game_data.py:169 Transaction committed
DEBUG    game_data.core_game_data:core_game_data.py:228 Inserted row 80 into test_items
DEBUG    game_data.core_game_data:core_game_data.py:169 Transaction committed
DEBUG    game_data.core_game_data:core_game_data.py:228 Inserted row 81 into test_items
DEBUG    game_data.core_game_data:core_game_data.py:169 Transaction committed
DEBUG    game_data.core_game_data:core_game_data.py:228 Inserted row 82 into test_items
DEBUG    game_data.core_game_data:core_game_data.py:169 Transaction committed
DEBUG    game_data.core_game_data:core_game_data.py:228 Inserted row 83 into test_items
DEBUG    game_data.core_game_data:core_game_data.py:169 Transaction committed
DEBUG    game_data.core_game_data:core_game_data.py:228 Inserted row 84 into test_items
DEBUG    game_data.core_game_data:core_game_data.py:169 Transaction committed
DEBUG    game_data.core_game_data:core_game_data.py:228 Inserted row 85 into test_items
DEBUG    game_data.core_game_data:core_game_data.py:169 Transaction committed
DEBUG    game_data.core_game_data:core_game_data.py:228 Inserted row 86 into test_items
DEBUG    game_data.core_game_data:core_game_data.py:169 Transaction committed
DEBUG    game_data.core_game_data:core_game_data.py:228 Inserted row 87 into test_items
DEBUG    game_data.core_game_data:core_game_data.py:169 Transaction committed
DEBUG    game_data.core_game_data:core_game_data.py:228 Inserted row 88 into test_items
DEBUG    game_data.core_game_data:core_game_data.py:169 Transaction committed
DEBUG    game_data.core_game_data:core_game_data.py:228 Inserted row 89 into test_items
DEBUG    game_data.core_game_data:core_game_data.py:169 Transaction committed
DEBUG    game_data.core_game_data:core_game_data.py:228 Inserted row 90 into test_items
DEBUG    game_data.core_game_data:core_game_data.py:169 Transaction committed
DEBUG    game_data.core_game_data:core_game_data.py:228 Inserted row 91 into test_items
DEBUG    game_data.core_game_data:core_game_data.py:169 Transaction committed
DEBUG    game_data.core_game_data:core_game_data.py:228 Inserted row 92 into test_items
DEBUG    game_data.core_game_data:core_game_data.py:169 Transaction committed
DEBUG    game_data.core_game_data:core_game_data.py:228 Inserted row 93 into test_items
DEBUG    game_data.core_game_data:core_game_data.py:169 Transaction committed
DEBUG    game_data.core_game_data:core_game_data.py:228 Inserted row 94 into test_items
DEBUG    game_data.core_game_data:core_game_data.py:169 Transaction committed
DEBUG    game_data.core_game_data:core_game_data.py:228 Inserted row 95 into test_items
DEBUG    game_data.core_game_data:core_game_data.py:169 Transaction committed
DEBUG    game_data.core_game_data:core_game_data.py:228 Inserted row 96 into test_items
DEBUG    game_data.core_game_data:core_game_data.py:169 Transaction committed
DEBUG    game_data.core_game_data:core_game_data.py:228 Inserted row 97 into test_items
DEBUG    game_data.core_game_data:core_game_data.py:169 Transaction committed
DEBUG    game_data.core_game_data:core_game_data.py:228 Inserted row 98 into test_items
DEBUG    game_data.core_game_data:core_game_data.py:169 Transaction committed
DEBUG    game_data.core_game_data:core_game_data.py:228 Inserted row 99 into test_items
DEBUG    game_data.core_game_data:core_game_data.py:169 Transaction committed
DEBUG    game_data.core_game_data:core_game_data.py:228 Inserted row 100 into test_items
DEBUG    game_data.core_game_data:core_game_data.py:169 Transaction committed
DEBUG    game_data.core_game_data:core_game_data.py:264 Deleted row 1 from test_items
DEBUG    game_data.core_game_data:core_game_data.py:169 Transaction committed
DEBUG    game_data.core_game_data:core_game_data.py:264 Deleted row 2 from test_items
DEBUG    game_data.core_game_data:core_game_data.py:169 Transaction committed
DEBUG    game_data.core_game_data:core_game_data.py:264 Deleted row 3 from test_items
DEBUG    game_data.core_game_data:core_game_data.py:169 Transaction committed
DEBUG    game_data.core_game_data:core_game_data.py:264 Deleted row 4 from test_items
DEBUG    game_data.core_game_data:core_game_data.py:169 Transaction committed
DEBUG    game_data.core_game_data:core_game_data.py:264 Deleted row 5 from test_items
DEBUG    game_data.core_game_data:core_game_data.py:169 Transaction committed
DEBUG    game_data.core_game_data:core_game_data.py:264 Deleted row 6 from test_items
DEBUG    game_data.core_game_data:core_game_data.py:169 Transaction committed
DEBUG    game_data.core_game_data:core_game_data.py:264 Deleted row 7 from test_items
DEBUG    game_data.core_game_data:core_game_data.py:169 Transaction committed
DEBUG    game_data.core_game_data:core_game_data.py:264 Deleted row 8 from test_items
DEBUG    game_data.core_game_data:core_game_data.py:169 Transaction committed
DEBUG    game_data.core_game_data:core_game_data.py:264 Deleted row 9 from test_items
DEBUG    game_data.core_game_data:core_game_data.py:169 Transaction committed
DEBUG    game_data.core_game_data:core_game_data.py:264 Deleted row 10 from test_items
DEBUG    game_data.core_game_data:core_game_data.py:169 Transaction committed
DEBUG    game_data.core_game_data:core_game_data.py:264 Deleted row 11 from test_items
DEBUG    game_data.core_game_data:core_game_data.py:169 Transaction committed
DEBUG    game_data.core_game_data:core_game_data.py:264 Deleted row 12 from test_items
DEBUG    game_data.core_game_data:core_game_data.py:169 Transaction committed
DEBUG    game_data.core_game_data:core_game_data.py:264 Deleted row 13 from test_items
DEBUG    game_data.core_game_data:core_game_data.py:169 Transaction committed
DEBUG    game_data.core_game_data:core_game_data.py:264 Deleted row 14 from test_items
DEBUG    game_data.core_game_data:core_game_data.py:169 Transaction committed
DEBUG    game_data.core_game_data:core_game_data.py:264 Deleted row 15 from test_items
DEBUG    game_data.core_game_data:core_game_data.py:169 Transaction committed
DEBUG    game_data.core_game_data:core_game_data.py:264 Deleted row 16 from test_items
DEBUG    game_data.core_game_data:core_game_data.py:169 Transaction committed
DEBUG    game_data.core_game_data:core_game_data.py:264 Deleted row 17 from test_items
DEBUG    game_data.core_game_data:core_game_data.py:169 Transaction committed
DEBUG    game_data.core_game_data:core_game_data.py:264 Deleted row 18 from test_items
DEBUG    game_data.core_game_data:core_game_data.py:169 Transaction committed
DEBUG    game_data.core_game_data:core_game_data.py:264 Deleted row 19 from test_items
DEBUG    game_data.core_game_data:core_game_data.py:169 Transaction committed
DEBUG    game_data.core_game_data:core_game_data.py:264 Deleted row 20 from test_items
DEBUG    game_data.core_game_data:core_game_data.py:169 Transaction committed
DEBUG    game_data.core_game_data:core_game_data.py:264 Deleted row 21 from test_items
DEBUG    game_data.core_game_data:core_game_data.py:169 Transaction committed
DEBUG    game_data.core_game_data:core_game_data.py:264 Deleted row 22 from test_items
DEBUG    game_data.core_game_data:core_game_data.py:169 Transaction committed
DEBUG    game_data.core_game_data:core_game_data.py:264 Deleted row 23 from test_items
DEBUG    game_data.core_game_data:core_game_data.py:169 Transaction committed
DEBUG    game_data.core_game_data:core_game_data.py:264 Deleted row 24 from test_items
DEBUG    game_data.core_game_data:core_game_data.py:169 Transaction committed
DEBUG    game_data.core_game_data:core_game_data.py:264 Deleted row 25 from test_items
DEBUG    game_data.core_game_data:core_game_data.py:169 Transaction committed
DEBUG    game_data.core_game_data:core_game_data.py:264 Deleted row 26 from test_items
DEBUG    game_data.core_game_data:core_game_data.py:169 Transaction committed
DEBUG    game_data.core_game_data:core_game_data.py:264 Deleted row 27 from test_items
DEBUG    game_data.core_game_data:core_game_data.py:169 Transaction committed
DEBUG    game_data.core_game_data:core_game_data.py:264 Deleted row 28 from test_items
DEBUG    game_data.core_game_data:core_game_data.py:169 Transaction committed
DEBUG    game_data.core_game_data:core_game_data.py:264 Deleted row 29 from test_items
DEBUG    game_data.core_game_data:core_game_data.py:169 Transaction committed
DEBUG    game_data.core_game_data:core_game_data.py:264 Deleted row 30 from test_items
DEBUG    game_data.core_game_data:core_game_data.py:169 Transaction committed
DEBUG    game_data.core_game_data:core_game_data.py:264 Deleted row 31 from test_items
DEBUG    game_data.core_game_data:core_game_data.py:169 Transaction committed
DEBUG    game_data.core_game_data:core_game_data.py:264 Deleted row 32 from test_items
DEBUG    game_data.core_game_data:core_game_data.py:169 Transaction committed
DEBUG    game_data.core_game_data:core_game_data.py:264 Deleted row 33 from test_items
DEBUG    game_data.core_game_data:core_game_data.py:169 Transaction committed
DEBUG    game_data.core_game_data:core_game_data.py:264 Deleted row 34 from test_items
DEBUG    game_data.core_game_data:core_game_data.py:169 Transaction committed
DEBUG    game_data.core_game_data:core_game_data.py:264 Deleted row 35 from test_items
DEBUG    game_data.core_game_data:core_game_data.py:169 Transaction committed
DEBUG    game_data.core_game_data:core_game_data.py:264 Deleted row 36 from test_items
DEBUG    game_data.core_game_data:core_game_data.py:169 Transaction committed
DEBUG    game_data.core_game_data:core_game_data.py:264 Deleted row 37 from test_items
DEBUG    game_data.core_game_data:core_game_data.py:169 Transaction committed
DEBUG    game_data.core_game_data:core_game_data.py:264 Deleted row 38 from test_items
DEBUG    game_data.core_game_data:core_game_data.py:169 Transaction committed
DEBUG    game_data.core_game_data:core_game_data.py:264 Deleted row 39 from test_items
DEBUG    game_data.core_game_data:core_game_data.py:169 Transaction committed
DEBUG    game_data.core_game_data:core_game_data.py:264 Deleted row 40 from test_items
DEBUG    game_data.core_game_data:core_game_data.py:169 Transaction committed
DEBUG    game_data.core_game_data:core_game_data.py:264 Deleted row 41 from test_items
DEBUG    game_data.core_game_data:core_game_data.py:169 Transaction committed
DEBUG    game_data.core_game_data:core_game_data.py:264 Deleted row 42 from test_items
DEBUG    game_data.core_game_data:core_game_data.py:169 Transaction committed
DEBUG    game_data.core_game_data:core_game_data.py:264 Deleted row 43 from test_items
DEBUG    game_data.core_game_data:core_game_data.py:169 Transaction committed
DEBUG    game_data.core_game_data:core_game_data.py:264 Deleted row 44 from test_items
DEBUG    game_data.core_game_data:core_game_data.py:169 Transaction committed
DEBUG    game_data.core_game_data:core_game_data.py:264 Deleted row 45 from test_items
DEBUG    game_data.core_game_data:core_game_data.py:169 Transaction committed
DEBUG    game_data.core_game_data:core_game_data.py:264 Deleted row 46 from test_items
DEBUG    game_data.core_game_data:core_game_data.py:169 Transaction committed
DEBUG    game_data.core_game_data:core_game_data.py:264 Deleted row 47 from test_items
DEBUG    game_data.core_game_data:core_game_data.py:169 Transaction committed
DEBUG    game_data.core_game_data:core_game_data.py:264 Deleted row 48 from test_items
DEBUG    game_data.core_game_data:core_game_data.py:169 Transaction committed
DEBUG    game_data.core_game_data:core_game_data.py:264 Deleted row 49 from test_items
DEBUG    game_data.core_game_data:core_game_data.py:169 Transaction committed
DEBUG    game_data.core_game_data:core_game_data.py:264 Deleted row 50 from test_items
DEBUG    game_data.core_game_data:core_game_data.py:169 Transaction committed
INFO     game_data.core_game_data:core_game_data.py:386 Database vacuumed
DEBUG    game_data.core_game_data:core_game_data.py:87 Database connection closed: /tmp/tmpafwt80nc/test_game.db
INFO     game_data.core_game_data:core_game_data.py:127 Database directory ensured: /tmp/tmpthgvwrui
DEBUG    game_data.core_game_data:core_game_data.py:79 Database connection established: /tmp/tmpthgvwrui/test_game.db
INFO     game_data.core_game_data:core_game_data.py:152 Database metadata initialized with schema v1.0.0
DEBUG    game_data.core_game_data:core_game_data.py:169 Transaction committed
INFO     game_data.core_game_data:core_game_data.py:190 Table created/verified from schema
DEBUG    game_data.core_game_data:core_game_data.py:169 Transaction committed
INFO     game_data.core_game_data:core_game_data.py:190 Table created/verified from schema
DEBUG    game_data.core_game_data:core_game_data.py:169 Transaction committed
DEBUG    game_data.core_game_data:core_game_data.py:87 Database connection closed: /tmp/tmpthgvwrui/test_game.db
INFO     game_data.core_game_data:core_game_data.py:127 Database directory ensured: /tmp/tmph4svmlk5
DEBUG    game_data.core_game_data:core_game_data.py:79 Database connection established: /tmp/tmph4svmlk5/new_game.db
INFO     game_data.core_game_data:core_game_data.py:152 Database metadata initialized with schema v1.0.0
DEBUG    game_data.core_game_data:core_game_data.py:169 Transaction committed
INFO     game_data.core_game_data:core_game_data.py:416 Created new database at /tmp/tmph4svmlk5/new_game.db
DEBUG    game_data.core_game_data:core_game_data.py:87 Database connection closed: /tmp/tmph4svmlk5/new_game.db
INFO     game_data.core_game_data:core_game_data.py:127 Database directory ensured: /tmp/tmpyrm19rf9
DEBUG    game_data.core_game_data:core_game_data.py:79 Database connection established: /tmp/tmpyrm19rf9/existing.db
INFO     game_data.core_game_data:core_game_data.py:152 Database metadata initialized with schema v1.0.0
DEBUG    game_data.core_game_data:core_game_data.py:169 Transaction committed
INFO     game_data.core_game_data:core_game_data.py:416 Created new database at /tmp/tmpyrm19rf9/existing.db
DEBUG    game_data.core_game_data:core_game_data.py:87 Database connection closed: /tmp/tmpyrm19rf9/existing.db
INFO     game_data.core_game_data:core_game_data.py:127 Database directory ensured: /tmp/tmpyrm19rf9
DEBUG    game_data.core_game_data:core_game_data.py:79 Database connection established: /tmp/tmpyrm19rf9/existing.db
INFO     game_data.core_game_data:core_game_data.py:152 Database metadata initialized with schema v1.0.0
DEBUG    game_data.core_game_data:core_game_data.py:169 Transaction committed
INFO     game_data.core_game_data:core_game_data.py:435 Loaded database from /tmp/tmpyrm19rf9/existing.db
DEBUG    game_data.core_game_data:core_game_data.py:87 Database connection closed: /tmp/tmpyrm19rf9/existing.db
WARNING  game_data.core_game_data:core_game_data.py:431 Database file not found: /tmp/tmpyrm19rf9/nonexistent.db
INFO     game_data.core_game_data:core_game_data.py:127 Database directory ensured: /tmp/tmpsl8wfnxn
DEBUG    game_data.core_game_data:core_game_data.py:79 Database connection established: /tmp/tmpsl8wfnxn/test_game.db
INFO     game_data.core_game_data:core_game_data.py:152 Database metadata initialized with schema v1.0.0
DEBUG    game_data.core_game_data:core_game_data.py:169 Transaction committed
INFO     game_data.core_game_data:core_game_data.py:190 Table created/verified from schema
DEBUG    game_data.core_game_data:core_game_data.py:169 Transaction committed
DEBUG    game_data.core_game_data:core_game_data.py:228 Inserted row 1 into test_items
DEBUG    game_data.core_game_data:core_game_data.py:169 Transaction committed
DEBUG    game_data.core_game_data:core_game_data.py:87 Database connection closed: /tmp/tmpsl8wfnxn/test_game.db
INFO     game_data.core_game_data:core_game_data.py:127 Database directory ensured: /tmp/tmppymzswe6
DEBUG    game_data.core_game_data:core_game_data.py:79 Database connection established: /tmp/tmppymzswe6/game.db
INFO     game_data.core_game_data:core_game_data.py:152 Database metadata initialized with schema v1.0.0
DEBUG    game_data.core_game_data:core_game_data.py:169 Transaction committed
INFO     game_data.core_game_data:core_game_data.py:416 Created new database at /tmp/tmppymzswe6/game.db
INFO     game_data.core_game_data:core_game_data.py:190 Table created/verified from schema
DEBUG    game_data.core_game_data:core_game_data.py:169 Transaction committed
INFO     game_data.core_game_data:core_game_data.py:190 Table created/verified from schema
DEBUG    game_data.core_game_data:core_game_data.py:169 Transaction committed
DEBUG    game_data.core_game_data:core_game_data.py:228 Inserted row 1 into characters
DEBUG    game_data.core_game_data:core_game_data.py:169 Transaction committed
DEBUG    game_data.core_game_data:core_game_data.py:228 Inserted row 1 into inventory
DEBUG    game_data.core_game_data:core_game_data.py:169 Transaction committed
DEBUG    game_data.core_game_data:core_game_data.py:228 Inserted row 2 into inventory
DEBUG    game_data.core_game_data:core_game_data.py:169 Transaction committed
DEBUG    game_data.core_game_data:core_game_data.py:245 Updated row 1 in characters
DEBUG    game_data.core_game_data:core_game_data.py:169 Transaction committed
DEBUG    game_data.core_game_data:core_game_data.py:87 Database connection closed: /tmp/tmppymzswe6/game.db
INFO     game_data.core_game_data:core_game_data.py:127 Database directory ensured: /tmp/tmppymzswe6
DEBUG    game_data.core_game_data:core_game_data.py:79 Database connection established: /tmp/tmppymzswe6/game.db
INFO     game_data.core_game_data:core_game_data.py:152 Database metadata initialized with schema v1.0.0
DEBUG    game_data.core_game_data:core_game_data.py:169 Transaction committed
INFO     game_data.core_game_data:core_game_data.py:435 Loaded database from /tmp/tmppymzswe6/game.db
DEBUG    game_data.core_game_data:core_game_data.py:87 Database connection closed: /tmp/tmppymzswe6/game.db
